RAM Allocation [bytes]
Variable                                                                          Address   Size
------------------------------------------------------------------------------------------------
adc_data                                                                          0x0203       2
data_spi                                                                          0x0205       4
num_data_spi                                                                      0x0209       1
twi_tx_index                                                                      0x020A       1
twi_rx_index                                                                      0x020B       1
twi_result                                                                        0x020C       1
glcd_state                                                                        0x020D      29
input_index                                                                       0x022A       1
rx_buffer                                                                         0x022B     256
tx_buffer                                                                         0x032B     256
slave_address                                                                     0x042B       1
twi_tx_buffer                                                                     0x042C       2
bytes_to_tx                                                                       0x042E       1
twi_rx_buffer                                                                     0x042F       2
bytes_to_rx                                                                       0x0431       1
twi_rx_buffer_size                                                                0x0432       1
twi_slave_rx_handler                                                              0x0433       2
twi_slave_tx_handler                                                              0x0435       2
ks0108_coord                                                                      0x0437       3
_seed                                                                             0x043A       4

EEPROM Allocation [bytes]
Variable                                                                          Address   Size
------------------------------------------------------------------------------------------------
data_rec                                                                          0x0000     512

Register Allocation
Variable                                                                          Register  Size
------------------------------------------------------------------------------------------------
adc_old_data                                                                      R4,R5        2
new_data_spi                                                                      R2.0      1bit
master_micro                                                                      R2.1      1bit
rx_wr_index                                                                       R7           1
rx_rd_index                                                                       R6           1
rx_counter                                                                        R8,R9        2
rx_buffer_overflow                                                                R2.2      1bit
tx_wr_index                                                                       R11          1
tx_rd_index                                                                       R10          1
tx_counter                                                                        R12,R13      2
twi_flag                                                                          R2.3      1bit
twi_ready                                                                         R2.4      1bit

FLASH Allocation [words]
Function                                                                          Address   Size
------------------------------------------------------------------------------------------------
main                                                                              0x0040C    115
adc_isr                                                                           0x0047F     46
adc_send_to_spi                                                                   0x004AD     41
adc_init_no_intterupt                                                             0x004D6      7
read_adc                                                                          0x004DD     15
spi_init                                                                          0x004EC      7
spi_isr                                                                           0x004F3     82
port_init                                                                         0x00545     12
usart_rx_isr                                                                      0x00551     30
usart_tx_isr                                                                      0x0056F     24
putchar                                                                           0x00587     28
uart_init                                                                         0x005A3     11
I2C_Init2                                                                         0x005AE     32
I2C_Repeated_Start                                                                0x005CE     36
I2C_Stop2                                                                         0x005F2      6
I2C_Start_Wait                                                                    0x005F8     26
I2C_Write2                                                                        0x00612     23
I2C_Read_Ack                                                                      0x00629      6
I2C_Read_Nack                                                                     0x0062F      7
eeprom_read_frame                                                                 0x00636     80
eeprom_write_pic                                                                  0x00686     38
i2c_24lc32_frame                                                                  0x006AC     28
i2c_24lc32_read_frame                                                             0x006C8     23
glcddisplay                                                                       0x006DF     25
puts                                                                              0x006F8     21
put_buff_G100                                                                     0x0070D     64
_print_G100                                                                       0x0074D    308
sprintf                                                                           0x00881     52
twi_int_handler                                                                   0x008B5    357
ks0108_enable_G102                                                                0x00A1A      4
ks0108_disable_G102                                                               0x00A1E      4
ks0108_rdbus_G102                                                                 0x00A22     23
ks0108_busy_G102                                                                  0x00A39     25
ks0108_wrcmd_G102                                                                 0x00A52     55
ks0108_setloc_G102                                                                0x00A89     18
ks0108_gotoxp_G102                                                                0x00A9B     16
ks0108_nextx_G102                                                                 0x00AAB     21
ks0108_wrdata_G102                                                                0x00AC0     57
ks0108_rddata_G102                                                                0x00AF9      8
ks0108_rdbyte_G102                                                                0x00B01     11
glcd_init                                                                         0x00B0C    101
glcd_clear                                                                        0x00B71     38
ks0108_wrmasked_G102                                                              0x00B97     59
glcd_block                                                                        0x00BD2    477
glcd_clipx                                                                        0x00DAF     21
glcd_clipy                                                                        0x00DC4     21
glcd_imagesize                                                                    0x00DD9     42
glcd_putimagef                                                                    0x00E03     27
glcd_putimagee                                                                    0x00E1E     32
glcd_moveto                                                                       0x00E3E     13
ftrunc                                                                            0x00E4B     49
floor                                                                             0x00E7C     20
log                                                                               0x00E90    134
exp                                                                               0x00F16    152
pow                                                                               0x00FAE     82
memset                                                                            0x01000     16
strlen                                                                            0x01010     12
strlenf                                                                           0x0101C     13
glcd_getmask                                                                      0x01029     11
glcd_mappixcolor1bit                                                              0x01034     40
glcd_readmem                                                                      0x0105C     31
glcd_writemem                                                                     0x0107B     31
