RAM Allocation [bytes]
Variable                                                                          Address   Size
------------------------------------------------------------------------------------------------
adc_data                                                                          0x01D8       2
data_spi                                                                          0x01DA       4
num_data_spi                                                                      0x01DE       1
twi_tx_index                                                                      0x01DF       1
twi_rx_index                                                                      0x01E0       1
twi_result                                                                        0x01E1       1
glcd_state                                                                        0x01E2      29
rx_buffer                                                                         0x01FF     256
tx_buffer                                                                         0x02FF     256
input_index                                                                       0x03FF       1
hx                                                                                0x0400      13
hy                                                                                0x040D      13
xold                                                                              0x041A       1
yold                                                                              0x041B       1
xmold                                                                             0x041C       1
ymold                                                                             0x041D       1
hourd                                                                             0x041E       1
mind                                                                              0x041F       1
secd                                                                              0x0420       1
count_clock                                                                       0x0421       1
slave_address                                                                     0x0422       1
twi_tx_buffer                                                                     0x0423       2
bytes_to_tx                                                                       0x0425       1
twi_rx_buffer                                                                     0x0426       2
bytes_to_rx                                                                       0x0428       1
twi_rx_buffer_size                                                                0x0429       1
twi_slave_rx_handler                                                              0x042A       2
twi_slave_tx_handler                                                              0x042C       2
ks0108_coord                                                                      0x042E       3
_seed                                                                             0x0431       4

EEPROM Allocation [bytes]
Variable                                                                          Address   Size
------------------------------------------------------------------------------------------------

Register Allocation
Variable                                                                          Register  Size
------------------------------------------------------------------------------------------------
new_data_spi                                                                      R2.0      1bit
master_micro                                                                      R2.1      1bit
rx_wr_index                                                                       R5           1
rx_rd_index                                                                       R4           1
rx_counter                                                                        R6,R7        2
rx_buffer_overflow                                                                R2.2      1bit
tx_wr_index                                                                       R9           1
tx_rd_index                                                                       R8           1
tx_counter                                                                        R10,R11      2
adc_old_data                                                                      R12,R13      2
hsecd                                                                             R2.3      1bit
hmind                                                                             R2.4      1bit
hhourd                                                                            R2.5      1bit
twi_flag                                                                          R2.6      1bit
twi_ready                                                                         R2.7      1bit

FLASH Allocation [words]
Function                                                                          Address   Size
------------------------------------------------------------------------------------------------
main                                                                              0x0037E    100
port_init                                                                         0x003E2     12
spi_init_slave                                                                    0x003EE      7
spi_isr                                                                           0x003F5     68
usart_rx_isr                                                                      0x00439     30
usart_tx_isr                                                                      0x00457     24
putchar                                                                           0x0046F     28
uart_init                                                                         0x0048B     11
I2C_Slave_Init                                                                    0x00496      7
I2C_Slave_Transmit                                                                0x004BE     38
I2C_Slave_Receive                                                                 0x004E4     34
adc_isr                                                                           0x00506     46
hms_display                                                                       0x00534    169
timer1_ovf_isr                                                                    0x005DD     66
timer1_init                                                                       0x0061F     18
glcd_init_func                                                                    0x00631     15
clock_display                                                                     0x00640     12
deleteclock                                                                       0x0064C     68
puts                                                                              0x00690     16
put_buff_G100                                                                     0x006A0     64
_print_G100                                                                       0x006E0    308
sprintf                                                                           0x00814     52
twi_int_handler                                                                   0x00848    357
ks0108_enable_G102                                                                0x009AD      4
ks0108_disable_G102                                                               0x009B1      4
ks0108_rdbus_G102                                                                 0x009B5      7
ks0108_busy_G102                                                                  0x009BC     26
ks0108_wrcmd_G102                                                                 0x009D6      7
ks0108_setloc_G102                                                                0x009DD     18
ks0108_gotoxp_G102                                                                0x009EF     16
ks0108_nextx_G102                                                                 0x009FF     21
ks0108_wrdata_G102                                                                0x00A14      9
ks0108_rddata_G102                                                                0x00A1D      9
ks0108_rdbyte_G102                                                                0x00A26     11
glcd_init                                                                         0x00A31     98
glcd_clear                                                                        0x00A93     38
glcd_putpixel                                                                     0x00AB9     39
ks0108_wrmasked_G102                                                              0x00AE0     59
glcd_block                                                                        0x00B1B    477
glcd_clipx                                                                        0x00CF8     21
glcd_clipy                                                                        0x00D0D     21
glcd_clrpixel                                                                     0x00D22     10
glcd_imagesize                                                                    0x00D2C     44
glcd_getcharw_G103                                                                0x00D58    111
glcd_new_line_G103                                                                0x00DC7     20
glcd_putchar                                                                      0x00DDB     98
glcd_outtext                                                                      0x00E3D     12
glcd_putimagef                                                                    0x00E49     46
glcd_putpixelm_G103                                                               0x00E77     27
glcd_moveto                                                                       0x00E92     13
glcd_line                                                                         0x00E9F    246
memset                                                                            0x00F95     16
strlen                                                                            0x00FA5     12
strlenf                                                                           0x00FB1     13
glcd_getmask                                                                      0x00FBE     11
glcd_mappixcolor1bit                                                              0x00FC9     40
glcd_readmem                                                                      0x00FF1     31
glcd_writemem                                                                     0x01010     31
